            --------------------------------------------------------
                             AMBER SQM VERSION 19
 
                                     By
              Ross C. Walker, Michael F. Crowley, Scott Brozell,
                         Tim Giese, Andreas W. Goetz,
                        Tai-Sung Lee and David A. Case
 
            --------------------------------------------------------
 

--------------------------------------------------------------------------------
  QM CALCULATION INFO
--------------------------------------------------------------------------------

| QMMM: Citation for AMBER QMMM Run:
| QMMM: R.C. Walker, M.F. Crowley and D.A. Case, J. COMP. CHEM. 29:1019, 2008

QMMM: SINGLET STATE CALCULATION
QMMM: RHF CALCULATION, NO. OF DOUBLY OCCUPIED LEVELS = 48

| QMMM: *** Selected Hamiltonian *** 
| QMMM: AM1         

| QMMM: *** Parameter sets in use ***
| QMMM: S : M.J.S.DEWAR et al. INORG. CHEM., 29, 3881, (1990)
| QMMM: C : M.J.S.DEWAR et al. JACS, 107, 3902, (1985)
| QMMM: H : M.J.S.DEWAR et al. JACS, 107, 3902, (1985)

| QMMM: *** SCF convergence criteria ***
| QMMM: Energy change                :  0.1D-09 kcal/mol
| QMMM: Error matrix |FP-PF|         :  0.1D+00 au
| QMMM: Density matrix change        :  0.5D-06
| QMMM: Maximum number of SCF cycles :     1000

| QMMM: *** Diagonalization Routine Information ***
| QMMM: Pseudo diagonalizations are allowed.
| QMMM: Auto diagonalization routine selection is in use.
| QMMM:
| QMMM: Timing diagonalization routines:
| QMMM:                              norbs =       88
| QMMM:    diag iterations used for timing =       15
| QMMM:
| QMMM:              Internal diag routine = 0.079210 seconds
| QMMM:                 Dspev diag routine = 0.102662 seconds
| QMMM:                Dspevd diag routine = 0.010940 seconds
| QMMM:                Dspevx diag routine = 0.211519 seconds
| QMMM:                 Dsyev diag routine = 0.015209 seconds
| QMMM:                Dsyevd diag routine = 0.059977 seconds
| QMMM:                Dsyevr diag routine = 0.095320 seconds
| QMMM:
| QMMM:                Pseudo diag routine = 0.006629 seconds
| QMMM:
| QMMM: Using dspevd routine (diag_routine=3).

  QMMM: QM Region Cartesian Coordinates (*=link atom) 
  QMMM: QM_NO.   MM_NO.  ATOM         X         Y         Z
  QMMM:     1        1      S       -3.0370   -0.7450   -1.2570
  QMMM:     2        2      S       -2.2000   -1.7600    1.8060
  QMMM:     3        3      S        3.4190   -0.2820   -0.5260
  QMMM:     4        4      C       -1.4230   -0.6350   -0.5870
  QMMM:     5        5      C       -1.2370   -0.6940    0.8370
  QMMM:     6        6      C       -1.7130   -1.0320    3.3460
  QMMM:     7        7      C       -0.7490   -0.0850    3.0520
  QMMM:     8        8      C       -0.4880    0.1560    1.6950
  QMMM:     9        9      C        0.2990    1.2700    1.2480
  QMMM:    10       10      C        0.1060    2.5650    1.8120
  QMMM:    11       11      C        0.9910    3.5330    1.2880
  QMMM:    12       12      C        1.2050    1.2550    0.3130
  QMMM:    13       13      C        1.6630    0.0820   -0.4480
  QMMM:    14       14      C        3.1030   -1.6300   -1.6530
  QMMM:    15       15      C        1.7950   -1.6750   -1.9760
  QMMM:    16       16      C        0.9290   -0.6730   -1.3290
  QMMM:    17       17      C       -0.4720   -0.6220   -1.6310
  QMMM:    18       18      C       -1.0930   -0.8740   -2.9000
  QMMM:    19       19      C       -2.4810   -0.9190   -2.9040
  QMMM:    20       20      H       -2.0100   -1.4780    4.1310
  QMMM:    21       21      H       -0.4430    0.6900    3.8800
  QMMM:    22       22      H       -0.5660    2.8810    2.5780
  QMMM:    23       23      H        0.9680    4.6330    1.3890
  QMMM:    24       24      H        3.9580   -2.4060   -1.7980
  QMMM:    25       25      H        1.3800   -2.3730   -2.6710
  QMMM:    26       26      H       -0.6300   -0.9320   -3.9720
  QMMM:    27       27      H       -3.2480   -1.0620   -3.7530
  QMMM:    28       28      S        1.9740    2.8130    0.0320

--------------------------------------------------------------------------------
  RESULTS
--------------------------------------------------------------------------------

      iter         sqm energy              rms gradient
      ----    -------------------    -----------------------
xmin    10      123.2144 kcal/mol        0.1603 kcal/(mol*A)
xmin    20      123.1207 kcal/mol        0.0725 kcal/(mol*A)
xmin    30      123.1174 kcal/mol        0.0118 kcal/(mol*A)
xmin    40      123.1169 kcal/mol        0.0033 kcal/(mol*A)
  ... geometry converged !
 
 Final MO eigenvalues (eV):
 -40.3344  -38.5960  -37.3455  -36.3724  -32.7728  -31.9718  -29.7875  -28.0556
 -26.8740  -24.8099  -23.9788  -23.2722  -22.3028  -20.9814  -20.3981  -19.4823
 -18.4024  -17.9243  -17.3037  -17.2408  -16.4395  -15.8319  -15.2025  -15.0997
 -14.8292  -14.3125  -14.1501  -14.0357  -13.8560  -13.6002  -13.5064  -13.4185
 -13.1023  -13.0187  -12.9510  -12.4707  -11.9105  -11.7979  -11.7014  -11.6015
 -10.0171   -9.9550   -9.8076   -9.5429   -9.0857   -8.9706   -8.7280   -8.3342
  -0.6811   -0.0720    0.1204    0.2895    0.8344    0.8684    0.8764    0.9332
   1.1252    1.1897    1.2883    1.3675    1.4236    1.5990    2.0582    2.1945
   3.9223    3.9658    3.9941    4.1287    4.2040    4.3305    4.4570    4.5341
   4.5574    4.6370    4.6418    4.7396    4.7871    4.8385    4.9940    5.0416
   5.1592    5.3154    5.4293    5.4426    5.5152    5.6602    5.6930    5.7069


 Heat of formation   =        123.11685330 kcal/mol  (        5.33874738 eV)

 Total SCF energy    =     -67660.31598911 kcal/mol  (    -2933.97146651 eV)
 Electronic energy   =    -463009.64018112 kcal/mol  (   -20077.60462170 eV)
 Core-core repulsion =     395349.32419201 kcal/mol  (    17143.63315520 eV)
 
    Atomic Charges for Step       1 :
  Atom    Element       Mulliken Charge
     1      S                  0.562
     2      S                  0.562
     3      S                  0.562
     4      C                 -0.289
     5      C                 -0.289
     6      C                 -0.440
     7      C                 -0.141
     8      C                 -0.021
     9      C                 -0.021
    10      C                 -0.141
    11      C                 -0.440
    12      C                 -0.289
    13      C                 -0.289
    14      C                 -0.440
    15      C                 -0.141
    16      C                 -0.021
    17      C                 -0.021
    18      C                 -0.141
    19      C                 -0.440
    20      H                  0.172
    21      H                  0.157
    22      H                  0.157
    23      H                  0.172
    24      H                  0.172
    25      H                  0.157
    26      H                  0.157
    27      H                  0.172
    28      S                  0.562
 Total Mulliken Charge =       0.000
 
                  X        Y        Z     TOTAL  
  QM DIPOLE    -0.000    0.000    0.000    0.000
 
 Final Structure

  QMMM: QM Region Cartesian Coordinates (*=link atom) 
  QMMM: QM_NO.   MM_NO.  ATOM         X         Y         Z
  QMMM:     1        1      S       -3.0255   -0.6363   -1.2782
  QMMM:     2        2      S       -2.1416   -1.8158    1.8191
  QMMM:     3        3      S        3.2923   -0.3184   -0.5015
  QMMM:     4        4      C       -1.4982   -0.6792   -0.5603
  QMMM:     5        5      C       -1.3524   -0.6735    0.8588
  QMMM:     6        6      C       -1.5637   -1.1868    3.2495
  QMMM:     7        7      C       -0.7475   -0.1000    3.0391
  QMMM:     8        8      C       -0.6116    0.2040    1.6414
  QMMM:     9        9      C        0.1900    1.3047    1.1711
  QMMM:    10       10      C        0.0387    2.6364    1.6890
  QMMM:    11       11      C        0.9121    3.5183    1.0966
  QMMM:    12       12      C        1.1921    1.2469    0.2101
  QMMM:    13       13      C        1.6584    0.1060   -0.5083
  QMMM:    14       14      C        3.0793   -1.6241   -1.5142
  QMMM:    15       15      C        1.7622   -1.7817   -1.8774
  QMMM:    16       16      C        0.9208   -0.7775   -1.2872
  QMMM:    17       17      C       -0.4992   -0.7311   -1.5250
  QMMM:    18       18      C       -1.0533   -0.7546   -2.8505
  QMMM:    19       19      C       -2.4277   -0.7073   -2.8317
  QMMM:    20       20      H       -1.8156   -1.6067    4.2223
  QMMM:    21       21      H       -0.2467    0.4801    3.8171
  QMMM:    22       22      H       -0.6942    2.8867    2.4590
  QMMM:    23       23      H        0.9843    4.5812    1.3226
  QMMM:    24       24      H        3.9017   -2.2624   -1.8338
  QMMM:    25       25      H        1.3711   -2.5654   -2.5296
  QMMM:    26       26      H       -0.4302   -0.8012   -3.7461
  QMMM:    27       27      H       -3.0704   -0.7120   -3.7108
  QMMM:    28       28      S        1.8747    2.7706   -0.0391

           --------- Calculation Completed ----------

